[www.vitalitycryptos.com/index.html]
[backblue.gif]
[fade.gif]
[index.html]
[www.vitalitycryptos.com/public/css/wellness-cms.webflow.5eb1ff288.css]
[www.vitalitycryptos.com/public/css/bootstrap.css]
[www.vitalitycryptos.com/public/css/extra.css]
[www.vitalitycryptos.com/public/css/custom.css]
[cdnjs.cloudflare.com/ajax/libs/animate.css/4.1.1/animate.min.css]
[www.vitalitycryptos.com/public/css/added/slider.css]
[www.vitalitycryptos.com/public/css/added/sliderflex/slider.css]
[www.vitalitycryptos.com/public/js/webfont.js]
[www.vitalitycryptos.com/images/vitalitycryptos.png]
[www.vitalitycryptos.com/about.html]
[www.vitalitycryptos.com/responsibility.html]
[www.vitalitycryptos.com/real-estate.html]
[www.vitalitycryptos.com/stocks.html]
[www.vitalitycryptos.com/infrastructure.html]
[www.vitalitycryptos.com/forex.html]
[www.vitalitycryptos.com/crypto.html]
[www.vitalitycryptos.com/fixed-income.html]
[www.vitalitycryptos.com/multi-asset.html]
[www.vitalitycryptos.com/renewable-power.html]
[www.vitalitycryptos.com/agriculture.html]
[www.vitalitycryptos.com/nfp.html]
[www.vitalitycryptos.com/financial-planning.html]
[www.vitalitycryptos.com/retirement-planning.html]
[www.vitalitycryptos.com/private-wealth.html]
[www.vitalitycryptos.com/estate-planning.html]
[www.vitalitycryptos.com/long-term.html]
[www.vitalitycryptos.com/business-service.html]
[www.vitalitycryptos.com/oil-and-gas.html]
[www.vitalitycryptos.com/blog.html]
[www.vitalitycryptos.com/register.html]
[www.vitalitycryptos.com/login.html]
[www.vitalitycryptos.com/public/img/pexaa.jpg]
[www.vitalitycryptos.com/public/img/home2.jpg]
[www.vitalitycryptos.com/public/img/home3.jpg]
[s3.tradingview.com/external-embedding/embed-widget-ticker-tape.js]
[www.vitalitycryptos.com/public/img/certificate.jpg]
[www.vitalitycryptos.com/public/img/2716_4200_150113_rgb.png]
[www.vitalitycryptos.com/alternatives.html]
[www.vitalitycryptos.com/public/img/ggp_091614_shops_at_la_cantera_0454.jpg]
[www.vitalitycryptos.com/real-asset.html]
[www.vitalitycryptos.com/public/img/Alt_Invest_1x.png]
[www.vitalitycryptos.com/public/img/tima.jpg]
[www.vitalitycryptos.com/public/img/fauxels.jpg]
[www.vitalitycryptos.com/public/img/pexeee.jpg]
[www.vitalitycryptos.com/public/img/crypto.jpg]
[www.vitalitycryptos.com/public/img/agriculture.jpg]
[www.vitalitycryptos.com/enegry-sustain.html]
[www.vitalitycryptos.com/public/img/oil_and_gas.jpg]
[www.vitalitycryptos.com/public/img/forex_trade.jpg]
[s3.tradingview.com/external-embedding/embed-widget-forex-cross-rates.js]
[www.vitalitycryptos.com/public/jpegs/coinbase.jpg]
[www.vitalitycryptos.com/public/jpegs/gemini.jpg]
[www.vitalitycryptos.com/public/jpegs/robinhood.jpg]
[www.vitalitycryptos.com/public/jpegs/blockchain.jpg]
[www.vitalitycryptos.com/public/jpegs/ameritrade.jpg]
[www.vitalitycryptos.com/certificate.jpg]
[www.vitalitycryptos.com/contact]
[www.vitalitycryptos.com/faq.html]
[translate.google.com/translate_a/element7876.js]
[www.vitalitycryptos.com/public/js/jquery-3.5.1.min.dc5e7f18c8bf79.js]
[www.vitalitycryptos.com/public/js/webflow.069902445.js]
[www.vitalitycryptos.com/public/js/recent.js]
[www.vitalitycryptos.com/public/js/added/slider.js]
[www.vitalitycryptos.com/public/css/added/sliderflex/slider.js]
[code.jquery.com/jquery-2.2.0.min.js]
[cdnjs.cloudflare.com/ajax/libs/slick-carousel/1.6.0/slick.js]
[maxcdn.bootstrapcdn.com/bootstrap/3.3.6/js/bootstrap.min.js]
[www.vitalitycryptos.com/index.html]
[www.vitalitycryptos.com/public/images/5ad12f3b0f7efd883ff17d65_Quote-mark.png]
[www.vitalitycryptos.com/public/images/5ac50191bbe2f51d11d37177_buscador-musical.svg]
[www.vitalitycryptos.com/public/images/5ac504f30012b04af6789afe_rawpixel-com-256640-unsplash.jpg]
[www.vitalitycryptos.com/public/images/5ac504f3485eeddec3789918_bruce-mars-554379-unsplash.jpg]
[www.vitalitycryptos.com/public/images/5ac51084851dd774046e1794_Line.png]
[www.vitalitycryptos.com/public/images/5ac50f1ecbd02156396a298d_Show-me-more.png]
[www.vitalitycryptos.com/public/images/5ac51d8c851dd798496e27f1_2.jpg]
[www.vitalitycryptos.com/public/images/5ac51d8c0b0d2fcb286a90bb_1.jpg]
[www.vitalitycryptos.com/public/images/5ac52300f67291456cdb1e93_8.jpg]
[www.vitalitycryptos.com/public/images/5ac5230093037d7367f2f3a3_5.jpg]
[www.vitalitycryptos.com/public/images/5ac52bca93037da49df30239_bruce-mars-559226-unsplash.jpg]
[www.vitalitycryptos.com/public/images/5ac52bcbef857af39a04846d_bruce-mars-554386-unsplash.jpg]
[www.vitalitycryptos.com/public/images/5ac52e24e55ec460bba4f210_Checkmark.png]
[www.vitalitycryptos.com/public/images/5ac52f52a93e8858641cb1f9_manzana.svg]
[www.vitalitycryptos.com/public/images/5ac64ae299122144a9f15e8d_barra-con-pesas.svg]
[www.vitalitycryptos.com/public/images/5ac64ae274d8bd3ac4707b4c_tenis-de-mesa.svg]
[www.vitalitycryptos.com/public/images/5ac64ae2991221f020f15e8c_pescado.svg]
[www.vitalitycryptos.com/public/images/5ac64ae161777f2c2a8bde1f_zumo-recien-exprimido.svg]
[www.vitalitycryptos.com/public/images/5ac628bfb922b462ff1953a6_caroline-attwood-576169-unsplash.jpg]
[www.vitalitycryptos.com/public/images/5ac62951c9a9f42987a50b6b_bruce-mars-558921-unsplash.jpg]
[www.vitalitycryptos.com/public/images/5ac62ab65cab939e9927f3a4_medalla.svg]
[www.vitalitycryptos.com/public/images/5ac62ab6afeb5ff9a7cab7d0_cintura.svg]
[www.vitalitycryptos.com/public/images/5ac62ab606e220cf456a4ac7_reloj-inteligente.svg]
[www.vitalitycryptos.com/public/images/5accd97c7901616294b4e3ad_alexander-redl-185764-unsplash.jpg]
[www.vitalitycryptos.com/public/images/5acbb9f025bf41529fd96e31_Image.jpg]
[www.vitalitycryptos.com/public/images/5ad0bf58d8ce024e607a664f_Oscar.jpg]
[www.vitalitycryptos.com/public/images/5ac504f3b50fc937c2e6c866_autumn-goodman-242803-unsplash.jpg]
[www.vitalitycryptos.com/public/images/5ace2a316e76b41c7ae6dc3a_White.jpg]
[www.vitalitycryptos.com/public/images/5ac64c5b74d8bd3229707cc0_Curve.png]
[www.vitalitycryptos.com/public/images/5ac504f46484cf6fd63ef77a_tyler-nix-485827-unsplash.jpg]
[www.vitalitycryptos.com/public/images/5ac650b90ed0adfef84f4cde_victor-freitas-569958-unsplash.jpg]
[www.vitalitycryptos.com/public/images/5ac6531999122173f8f16ce4_vitchakorn-koonyosying-494183-unsplash.jpg]
[www.vitalitycryptos.com/public/images/5ac659f3ac26cb79f7aa57b7_caroline-attwood-301747-unsplash.jpg]
[www.vitalitycryptos.com/public/images/5ac7adcef15a77528c630261_White.jpg]
[www.vitalitycryptos.com/public/images/5ac7dcbd99758e3b801dbe51_victor-freitas-522935-unsplash.jpg]
[www.vitalitycryptos.com/public/images/5ac7dfa4e4871d69046451ae_victor-freitas-522935-unsplash.jpg]
[www.vitalitycryptos.com/public/images/5ac8ebec99758e18161e5a5a_Dot.jpg]
[www.vitalitycryptos.com/public/images/5ac8ec1365190572e450a709_User.png]
[www.vitalitycryptos.com/public/images/5ac8ec13af4ae81efc300279_Email.png]
[www.vitalitycryptos.com/public/images/5acb7820d92a3583f4eaf31a_Phone.png]
[www.vitalitycryptos.com/public/images/5ac961bab01ca6d0c6056510_flecha-hacia-arriba.svg]
[www.vitalitycryptos.com/public/images/5ac964ca99758e43f41eadd9_Arrow-3.png]
[www.vitalitycryptos.com/public/images/5ac965a1f15a774be164190f_angulo-de-flecha-hacia-abajo.svg]
[www.vitalitycryptos.com/public/images/5acb98fa5edee851990d82e4_3.png]
[www.vitalitycryptos.com/public/images/5acb995125bf41d57bd9393e_2.png]
[www.vitalitycryptos.com/public/images/5acb98fa7bce9547b1f9d17b_1.png]
[www.vitalitycryptos.com/public/images/5acba03432756e080a339cc0_flecha-reproducir.svg]
[www.vitalitycryptos.com/public/images/5acbabb27bce9555e3f9f1da_1.jpg]
[www.vitalitycryptos.com/public/images/5acbada37bce954343f9f34e_2.jpg]
[www.vitalitycryptos.com/public/images/5acbada30b00f7816f84149e_3.jpg]
[www.vitalitycryptos.com/public/images/5acbbd1532756e145933d058_bascula.svg]
[www.vitalitycryptos.com/public/images/5ad60bbbdc58e1db2c0a4e97_pescado.svg]
[www.vitalitycryptos.com/public/images/5acbbf967bce95231efa1742_ropa-de-deporte.svg]
[www.vitalitycryptos.com/public/images/5acbbffd25bf415562d97506_peso.svg]
[www.vitalitycryptos.com/public/images/5acbd1611f0d9626a44f11bc_asaf-r-300803-unsplash.jpg]
[www.vitalitycryptos.com/public/images/5accc0d358238f2962747e92_christopher-campbell-40367-unsplash.jpg]
[www.vitalitycryptos.com/public/images/5ad0d4da1dee89404172efd4_caroline-attwood-301745-unsplash.jpg]
[www.vitalitycryptos.com/public/images/5acbdf231f0d9679994f21db_Pic.jpg]
[www.vitalitycryptos.com/public/images/5accb3d86634d26bf34c73bc_Pic-2.jpg]
[www.vitalitycryptos.com/public/images/5accb3f48bad996d1bc70cbc_Pic-3.jpg]
[www.vitalitycryptos.com/public/images/5accdefa5affdd8f14335fd9_kyle-smith-528234-unsplash.jpg]
[www.vitalitycryptos.com/public/images/5acce1b35affdd19f33363c8_jake-jackson-263836-unsplash.jpg]
[www.vitalitycryptos.com/public/images/5acbd39978f9ca0aad1794e8_Gradient.png]
[www.vitalitycryptos.com/public/images/5acce58b7901611ec7b4f536_caroline-attwood-301748-unsplash.jpg]
[www.vitalitycryptos.com/public/images/5ac7dda0e4871d58e664481a_bruce-mars-558730-unsplash.jpg]
[www.vitalitycryptos.com/public/images/5ac7dcdef15a773006634921_victor-freitas-522926-unsplash.jpg]
[www.vitalitycryptos.com/public/images/567t3168epassword.png]
[www.vitalitycryptos.com/public/images/5ace42ca31f6d3e01126a17c_boton-anadir.svg]
[www.vitalitycryptos.com/public/images/5acb922902301a69985484bf_zapato.svg]
[www.vitalitycryptos.com/public/images/5ad0d10f3b9e2b12819e7711_shorts.svg]
[www.vitalitycryptos.com/public/images/5ad0cf0ad923b9236fc5111d_bruce-mars-558661-unsplash.jpg]
[www.vitalitycryptos.com/public/images/5ac7dddc2c10d13b47430a19_caroline-attwood-301746-unsplash.jpg]
[www.vitalitycryptos.com/public/images/5ad0d5130e93f31744da93e6_caroline-attwood-301742-unsplash.jpg]
[www.vitalitycryptos.com/public/images/5ac7dce9af4ae83ae42f809a_victor-freitas-549190-unsplash.jpg]
[www.vitalitycryptos.com/public/images/5ad0d498d923b9ba2bc518b4_jackelin-slack-539451-unsplash.jpg]
[www.vitalitycryptos.com/public/images/5ac51d8c851dd71f7d6e27f0_3.jpg]
[www.vitalitycryptos.com/public/css/wellness-cms.webflow.5eb1ff288.css]
[www.vitalitycryptos.com/public/fonts/glyphicons-halflings-regular.eot]
[www.vitalitycryptos.com/public/fonts/glyphicons-halflings-regulard41d.eot]
[www.vitalitycryptos.com/public/fonts/glyphicons-halflings-regular.woff2]
[www.vitalitycryptos.com/public/fonts/glyphicons-halflings-regular.woff]
[www.vitalitycryptos.com/public/fonts/glyphicons-halflings-regular.ttf]
[www.vitalitycryptos.com/public/fonts/glyphicons-halflings-regular.svg]
[www.vitalitycryptos.com/public/css/bootstrap.css]
[www.vitalitycryptos.com/public/css/extra.css]
[www.vitalitycryptos.com/public/css/custom.css]
[cdnjs.cloudflare.com/ajax/libs/animate.css/4.1.1/animate.min.css]
[www.vitalitycryptos.com/public/css/added/slider.css]
[www.vitalitycryptos.com/public/css/added/sliderflex/slider.css]
[www.vitalitycryptos.com/images/index.html]
[www.vitalitycryptos.com/public/image/aboutmain.jpg]
[www.vitalitycryptos.com/$.html]
[www.vitalitycryptos.com/public/img/about1.png]
[www.vitalitycryptos.com/about.html]
[www.vitalitycryptos.com/public/img/led.png]
[www.vitalitycryptos.com/responsibility.html]
[www.vitalitycryptos.com/public/img/01-photomontage_sunrise.jpg]
[www.vitalitycryptos.com/public/img/potsdamerplatz_tiny.png]
[www.vitalitycryptos.com/public/img/pexels-vladimir-kudinov-36362.jpg]
[www.vitalitycryptos.com/public/img/pexels-the-lazy-artist-gallery-1642125.jpg]
[www.vitalitycryptos.com/public/img/2.1_uk_housing.jpg]
[www.vitalitycryptos.com/real-estate.html]
[www.vitalitycryptos.com/public/img/stock1.html]
[www.vitalitycryptos.com/public/img/stock2.html]
[www.vitalitycryptos.com/public/img/stock3.html]
[www.vitalitycryptos.com/public/img/stock4.html]
[www.vitalitycryptos.com/stocks.html]
[www.vitalitycryptos.com/public/img/infra_district_energy_enwave_toronto_pumps_0.jpg]
[www.vitalitycryptos.com/public/img/high-res-jpg-infra_district_energy_enwave_australia_alkaloids_1.jpg]
[www.vitalitycryptos.com/public/img/high-res-jpg-infra_district_energy_enwave_toronto_heat_exchanger_4.jpg]
[www.vitalitycryptos.com/public/img/high-res-jpg-infra_utilities_tdf_telecommunications_avignon_mont_ventoux_france.jpg]
[www.vitalitycryptos.com/infrastructure.html]
[www.vitalitycryptos.com/forex.html]
[www.vitalitycryptos.com/crypto.html]
[www.vitalitycryptos.com/fixed-income.html]
[www.vitalitycryptos.com/multi-asset.html]
[www.vitalitycryptos.com/public/img/TerraForm Case Study_tiny.png]
[www.vitalitycryptos.com/public/img/Hydro-Photo 1_Isagen_tiny.png]
[www.vitalitycryptos.com/public/img/Wind-1_TerraForm Global_tiny.png]
[www.vitalitycryptos.com/public/img/Solar_tiny.png]
[www.vitalitycryptos.com/public/img/distribution-generation-terp-900x400.jpg]
[www.vitalitycryptos.com/public/img/Storage_tiny.png]
[www.vitalitycryptos.com/renewable-power.html]
[www.vitalitycryptos.com/agriculture.html]
[www.vitalitycryptos.com/public/img/nfp.jpg]
[www.vitalitycryptos.com/nfp.html]
[www.vitalitycryptos.com/register-2.html]
[www.vitalitycryptos.com/contact-2.html]
[www.vitalitycryptos.com/register-3.html]
[www.vitalitycryptos.com/public/img/location.svg]
[www.vitalitycryptos.com/public/img/shield.svg]
[www.vitalitycryptos.com/public/img/credit-card.svg]
[www.vitalitycryptos.com/public/img/map.svg]
[www.vitalitycryptos.com/public/img/growth.svg]
[www.vitalitycryptos.com/financial-planning.html]
[www.vitalitycryptos.com/public/img/doingretirement.jpg]
[www.vitalitycryptos.com/retirement-planning.html]
[www.vitalitycryptos.com/private-wealth.html]
[www.vitalitycryptos.com/estate-planning.html]
[www.vitalitycryptos.com/public/img/pic1.png]
[www.vitalitycryptos.com/public/img/pic2.png]
[www.vitalitycryptos.com/public/img/pic3.png]
[www.vitalitycryptos.com/public/img/pic4.png]
[www.vitalitycryptos.com/public/img/pic5.png]
[www.vitalitycryptos.com/long-term.html]
[www.vitalitycryptos.com/business-service.html]
[www.vitalitycryptos.com/oil-and-gas.html]
[www.vitalitycryptos.com/image.cnbcfm.com/api/v1/image/106889022-1622101688991-gettyimages-1232214150-CHINA_SHANGHAI982698269826.html]
[www.vitalitycryptos.com/static-22.sinclairstoryline.com/resources/media/14da3dad-329e-465d-b8b3-48e0ea072398-large16x9_Katesicecreamcaptionede529e529e529.html]
[www.vitalitycryptos.com/a57.foxnews.com/static.foxbusiness.com/foxbusiness.com/content/uploads/2020/04/0/0/72604abb-Banks3a5a3a5a3a5a.html]
[www.vitalitycryptos.com/bloximages.newyork1.vip.townnews.com/khq.com/content/tncms/assets/v3/editorial/d/b9/db955c50-d853-11eb-93c5-37472c65ccfa/60da4b231c26f.image261326132613.html]
[www.vitalitycryptos.com/static-11.sinclairstoryline.com/resources/media/c4483819-dcdc-4bc1-800a-ce71eae40994-large16x9_breakingnews565456545654.html]
[www.vitalitycryptos.com/image.cnbcfm.com/api/v1/image/106868547-1618443427035-gettyimages-1230415697-JAPAN_STOCK202020202020.html]
[www.vitalitycryptos.com/i.kinja-img.com/gawker-media/image/upload/c_fill,f_auto,fl_progressive,g_center,h_675,pg_1,q_80,w_1200/bf3d2fd782fff233c38c4e88eec5dbb5.html]
[www.vitalitycryptos.com/bloximages.newyork1.vip.townnews.com/stltoday.com/content/tncms/assets/v3/editorial/2/d6/2d65a43c-5929-58f4-9130-6f4bcdd2d7bf/5fdbc01a15d12.imageafc6afc6afc6.html]
[www.vitalitycryptos.com/cdn.arstechnica.net/wp-content/uploads/2021/06/GettyImages-1233323560-760x380.html]
[www.vitalitycryptos.com/image.cnbcfm.com/api/v1/image/106414570-1582841231596img_9307889488948894.html]
[www.vitalitycryptos.com/techcrunch.com/wp-content/uploads/2020/03/duolingoaf90af90af90.html]
[www.vitalitycryptos.com/static.independent.co.uk/2021/06/28/20/ELON MUSK STATUE 51f951f951f9.html]
[www.vitalitycryptos.com/media-cldnry.s-nbcnews.com/image/upload/t_nbcnews-fp-1200-630,f_auto,q_auto_best/newscms/2021_26/3487171/210628-home-construction-se-206p.html]
[www.vitalitycryptos.com/cdn.cnn.com/cnnnext/dam/assets/210628151819-01-mark-zuckerberg-1023-file-restricted-super-tease.html]
[www.vitalitycryptos.com/www.thedrive.com/content/2021/06/IMG_24360db90db90db9.html]
[www.vitalitycryptos.com/blog.html]
[www.vitalitycryptos.com/js/vendors/uikit.min.js]
[www.vitalitycryptos.com/css/vendors/uikit.min.css]
[www.vitalitycryptos.com/css/style.css]
[www.vitalitycryptos.com/fonts/fa-brands-400.woff2]
[www.vitalitycryptos.com/fonts/fa-solid-900.woff2]
[www.vitalitycryptos.com/fonts/archivo-v9-latin-regular.woff2]
[www.vitalitycryptos.com/fonts/archivo-v9-latin-300.woff2]
[www.vitalitycryptos.com/fonts/archivo-v9-latin-700.woff2]
[www.vitalitycryptos.com/apple-touch-icon.png]
[www.vitalitycryptos.com/img/in-signin-image.jpg]
[www.vitalitycryptos.com/js/vendors/utilities.min.js]
[www.vitalitycryptos.com/js/config-theme.js]
[www.vitalitycryptos.com/register.html]
[www.vitalitycryptos.com/password/reset.html]
[www.vitalitycryptos.com/login.html]
[www.vitalitycryptos.com/public/image/hero-business.jpg]
[www.vitalitycryptos.com/public/img/cannabis-in-jars.jpg]
[www.vitalitycryptos.com/public/img/homeadd4.jpg]
[www.vitalitycryptos.com/public/img/homeadd2.jpg]
[www.vitalitycryptos.com/public/img/respon3.jpg]
[www.vitalitycryptos.com/public/img/engery.jpg]
[www.vitalitycryptos.com/public/img/venture-capital-finance-831_3332.html]
[www.vitalitycryptos.com/public/img/bramfor-89283bubj.html]
[www.vitalitycryptos.com/public/img/venture-capital-finance-140528_3204.html]
[www.vitalitycryptos.com/alternatives.html]
[cdn.jsdelivr.net/themify-icons/0.1.2/css/themify-icons.css]
[www.vitalitycryptos.com/public/img/infographics-RA.png]
[www.vitalitycryptos.com/real-asset.html]
[www.vitalitycryptos.com/public/img/fauxels.jpg]
[www.vitalitycryptos.com/public/image/engery.html]
[www.vitalitycryptos.com/enegry-sustain.html]
[www.vitalitycryptos.com/contact.html]
[www.vitalitycryptos.com/temp/uploads/2020/07/consultants_business_meeting_lowry_invest.f5.delayed]
[www.vitalitycryptos.com/faq.html]
[www.vitalitycryptos.com/public/d3e54v103j8qbb.cloudfront.net/static/custom-checkbox-checkmark.589d534424.html]
[www.vitalitycryptos.com/public/images/5ac50191bbe2f51d11d37177_buscador-musical.svg]
[www.vitalitycryptos.com/public/d3e54v103j8qbb.cloudfront.net/img/background-image.html]
[www.vitalitycryptos.com/public/images/5ac52f52a93e8858641cb1f9_manzana.svg]
[www.vitalitycryptos.com/public/images/5ac64ae299122144a9f15e8d_barra-con-pesas.svg]
[www.vitalitycryptos.com/public/images/5ac64ae274d8bd3ac4707b4c_tenis-de-mesa.svg]
[www.vitalitycryptos.com/public/images/5ac64ae2991221f020f15e8c_pescado.svg]
[www.vitalitycryptos.com/public/images/5ac64ae161777f2c2a8bde1f_zumo-recien-exprimido.svg]
[www.vitalitycryptos.com/public/images/5ac62ab65cab939e9927f3a4_medalla.svg]
[www.vitalitycryptos.com/public/images/5ac62ab6afeb5ff9a7cab7d0_cintura.svg]
[www.vitalitycryptos.com/public/images/5ac62ab606e220cf456a4ac7_reloj-inteligente.svg]
[www.vitalitycryptos.com/public/images/5ac961bab01ca6d0c6056510_flecha-hacia-arriba.svg]
[www.vitalitycryptos.com/public/images/5ac965a1f15a774be164190f_angulo-de-flecha-hacia-abajo.svg]
[www.vitalitycryptos.com/public/images/5acba03432756e080a339cc0_flecha-reproducir.svg]
[www.vitalitycryptos.com/public/images/5acbbd1532756e145933d058_bascula.svg]
[www.vitalitycryptos.com/public/images/5ad60bbbdc58e1db2c0a4e97_pescado.svg]
[www.vitalitycryptos.com/public/images/5acbbf967bce95231efa1742_ropa-de-deporte.svg]
[www.vitalitycryptos.com/public/images/5acbbffd25bf415562d97506_peso.svg]
[www.vitalitycryptos.com/public/images/5ace42ca31f6d3e01126a17c_boton-anadir.svg]
[www.vitalitycryptos.com/public/images/5acb922902301a69985484bf_zapato.svg]
[www.vitalitycryptos.com/public/images/5ad0d10f3b9e2b12819e7711_shorts.svg]
[www.vitalitycryptos.com/public/fonts/glyphicons-halflings-regular.html]
[www.vitalitycryptos.com/public/fonts/glyphicons-halflings-regulard41d.html]
[www.vitalitycryptos.com/public/fonts/glyphicons-halflings-regular-2.html]
[www.vitalitycryptos.com/public/fonts/glyphicons-halflings-regular-3.html]
[www.vitalitycryptos.com/public/fonts/glyphicons-halflings-regular-4.html]
[www.vitalitycryptos.com/public/fonts/glyphicons-halflings-regular-5.html]
[www.vitalitycryptos.com/public/image/aboutmain.html]
[www.vitalitycryptos.com/$.html]
[www.vitalitycryptos.com/public/image/responsibility.html]
[www.vitalitycryptos.com/public/image/hero-business.html]
[www.vitalitycryptos.com/public/img/stock1.html]
[www.vitalitycryptos.com/public/img/stock2.html]
[www.vitalitycryptos.com/public/img/stock3.html]
[www.vitalitycryptos.com/public/img/stock4.html]
[www.vitalitycryptos.com/public/image/hero-estate.html]
[www.vitalitycryptos.com/public/image/financial-planning.html]
[www.vitalitycryptos.com/register-2.html]
[www.vitalitycryptos.com/contact-2.html]
[www.vitalitycryptos.com/register-3.html]
[www.vitalitycryptos.com/public/img/location.svg]
[www.vitalitycryptos.com/public/img/shield.svg]
[www.vitalitycryptos.com/public/img/credit-card.svg]
[www.vitalitycryptos.com/public/img/map.svg]
[www.vitalitycryptos.com/public/img/growth.svg]
[www.vitalitycryptos.com/public/image/hero.html]
[www.vitalitycryptos.com/public/image/testimonials-bg.html]
[www.vitalitycryptos.com/public/image/approach-perspective.html]
[www.vitalitycryptos.com/public/image/hero-long.html]
[www.vitalitycryptos.com/public/image/banner-05.html]
[www.vitalitycryptos.com/image.cnbcfm.com/api/v1/image/106889022-1622101688991-gettyimages-1232214150-CHINA_SHANGHAI982698269826.html]
[www.vitalitycryptos.com/static-22.sinclairstoryline.com/resources/media/14da3dad-329e-465d-b8b3-48e0ea072398-large16x9_Katesicecreamcaptionede529e529e529.html]
[www.vitalitycryptos.com/a57.foxnews.com/static.foxbusiness.com/foxbusiness.com/content/uploads/2020/04/0/0/72604abb-Banks3a5a3a5a3a5a.html]
[www.vitalitycryptos.com/bloximages.newyork1.vip.townnews.com/khq.com/content/tncms/assets/v3/editorial/d/b9/db955c50-d853-11eb-93c5-37472c65ccfa/60da4b231c26f.image261326132613.html]
[www.vitalitycryptos.com/static-11.sinclairstoryline.com/resources/media/c4483819-dcdc-4bc1-800a-ce71eae40994-large16x9_breakingnews565456545654.html]
[www.vitalitycryptos.com/image.cnbcfm.com/api/v1/image/106868547-1618443427035-gettyimages-1230415697-JAPAN_STOCK202020202020.html]
[www.vitalitycryptos.com/i.kinja-img.com/gawker-media/image/upload/c_fill,f_auto,fl_progressive,g_center,h_675,pg_1,q_80,w_1200/bf3d2fd782fff233c38c4e88eec5dbb5.html]
[www.vitalitycryptos.com/bloximages.newyork1.vip.townnews.com/stltoday.com/content/tncms/assets/v3/editorial/2/d6/2d65a43c-5929-58f4-9130-6f4bcdd2d7bf/5fdbc01a15d12.imageafc6afc6afc6.html]
[www.vitalitycryptos.com/cdn.arstechnica.net/wp-content/uploads/2021/06/GettyImages-1233323560-760x380.html]
[www.vitalitycryptos.com/image.cnbcfm.com/api/v1/image/106414570-1582841231596img_9307889488948894.html]
[www.vitalitycryptos.com/techcrunch.com/wp-content/uploads/2020/03/duolingoaf90af90af90.html]
[www.vitalitycryptos.com/static.independent.co.uk/2021/06/28/20/ELON MUSK STATUE 51f951f951f9.html]
[www.vitalitycryptos.com/media-cldnry.s-nbcnews.com/image/upload/t_nbcnews-fp-1200-630,f_auto,q_auto_best/newscms/2021_26/3487171/210628-home-construction-se-206p.html]
[www.vitalitycryptos.com/cdn.cnn.com/cnnnext/dam/assets/210628151819-01-mark-zuckerberg-1023-file-restricted-super-tease.html]
[www.vitalitycryptos.com/www.thedrive.com/content/2021/06/IMG_24360db90db90db9.html]
[www.vitalitycryptos.com/css/vendors/uikit.min.css]
[www.vitalitycryptos.com/public/img/high-res-jpg-infra_transport_toll_road_avn_chile_south_america_2.jpg]
[www.vitalitycryptos.com/fonts/inter-v2-latin-regular.woff2]
[www.vitalitycryptos.com/fonts/inter-v2-latin-regular.woff]
[www.vitalitycryptos.com/fonts/inter-v2-latin-500.woff2]
[www.vitalitycryptos.com/fonts/inter-v2-latin-500.woff]
[www.vitalitycryptos.com/fonts/inter-v2-latin-700.woff2]
[www.vitalitycryptos.com/fonts/inter-v2-latin-700.woff]
[www.vitalitycryptos.com/fonts/fa-brands-400.eot]
[www.vitalitycryptos.com/fonts/fa-brands-400d41d.eot]
[www.vitalitycryptos.com/fonts/fa-brands-400.woff]
[www.vitalitycryptos.com/fonts/fa-brands-400.ttf]
[www.vitalitycryptos.com/fonts/fa-brands-400.svg]
[www.vitalitycryptos.com/fonts/fa-solid-900.eot]
[www.vitalitycryptos.com/fonts/fa-solid-900d41d.eot]
[www.vitalitycryptos.com/fonts/fa-solid-900.woff]
[www.vitalitycryptos.com/fonts/fa-solid-900.ttf]
[www.vitalitycryptos.com/fonts/fa-solid-900.svg]
[www.vitalitycryptos.com/css/style.css]
[www.vitalitycryptos.com/favicon.ico]
[www.vitalitycryptos.com/apple-touch-icon.html]
[www.vitalitycryptos.com/password/favicon.ico]
[www.vitalitycryptos.com/password/images/vitalitycryptos.png]
[www.vitalitycryptos.com/password/reset.html]
[www.vitalitycryptos.com/public/image/hero-business-2.html]
[www.vitalitycryptos.com/public/img/approach-commitment.jpg]
[www.vitalitycryptos.com/public/img/venture-capital-finance-831_3332.html]
[www.vitalitycryptos.com/public/img/bramfor-89283bubj.html]
[www.vitalitycryptos.com/public/img/venture-capital-finance-140528_3204.html]
[cdn.jsdelivr.net/themify-icons/0.1.2/css/themify-icons.css]
[www.vitalitycryptos.com/public/image/engery.html]
[www.vitalitycryptos.com/temp/uploads/2020/07/consultants_business_meeting_lowry_invest.html]
[www.vitalitycryptos.com/fonts/fa-brands-400.html]
[www.vitalitycryptos.com/fonts/fa-brands-400d41d.html]
[www.vitalitycryptos.com/fonts/fa-brands-401.html]
[www.vitalitycryptos.com/fonts/fa-brands-402.html]
[www.vitalitycryptos.com/fonts/fa-solid-900.html]
[www.vitalitycryptos.com/fonts/fa-solid-900d41d.html]
[www.vitalitycryptos.com/fonts/fa-solid-901.html]
[www.vitalitycryptos.com/fonts/fa-solid-902.html]
[www.vitalitycryptos.com/password/favicon.html]
[www.vitalitycryptos.com/password/images/vitalitycryptos.html]
[www.vitalitycryptos.com/contact.html]
[www.vitalitycryptos.com/contact.html]
[code.tidio.co_443/hmmscq6qxiumujhspyttdxqzdqfshq49.js]
[www.vitalitycryptos.com/public/images/5ac504f45111669faa46c076_victor-freitas-546919-unsplash.jpg]
[www.vitalitycryptos.com/fonts.googleapis.com/css2f992f99.css]
[www.vitalitycryptos.com/fonts.gstatic.com/index.html]
[www.vitalitycryptos.com/fonts.gstatic.com/index.html]
[www.vitalitycryptos.com/fonts.googleapis.com/css2f992f99.css]
