[supertrixfx.com/index.html]
[backblue.gif]
[fade.gif]
[index.html]
[supertrixfx.com/images/favicon.png]
[supertrixfx.com/css/font-awesome.min.css]
[supertrixfx.com/css/bootstrap.min.css]
[supertrixfx.com/css/magnific-popup.css]
[supertrixfx.com/css/select2.min.css]
[supertrixfx.com/css/style.css]
[supertrixfx.com/css/skins/orange.css]
[supertrixfx.com/css/skins/green.css]
[supertrixfx.com/css/skins/blue.css]
[supertrixfx.com/css/styleswitcher.css]
[supertrixfx.com/js/modernizr.js]
[translate.google.com/translate_a/elementa0d8.js]
[supertrixfx.com/supertrixfx.png]
[supertrixfx.com/user/login.html]
[supertrixfx.com/user/signup.html]
[s3.tradingview.com/external-embedding/embed-widget-ticker-tape.js]
[supertrixfx.com/index-2.html]
[supertrixfx.com/images/icons/orange/download-bitcoin.png]
[supertrixfx.com/images/icons/orange/add-bitcoins.png]
[supertrixfx.com/images/icons/orange/buy-sell-bitcoins.png]
[supertrixfx.com/images/about-us.png]
[supertrixfx.com/images/icons/orange/strong-security.png]
[supertrixfx.com/images/icons/orange/world-coverage.png]
[supertrixfx.com/images/icons/orange/payment-options.png]
[supertrixfx.com/images/icons/orange/mobile-app.png]
[supertrixfx.com/supertrixfx.mp4]
[supertrixfx.com/images/team/member2.jpg]
[supertrixfx.com/images/team/member3.jpg]
[supertrixfx.com/images/team/member4.jpg]
[supertrixfx.com/images/ceo.jpg]
[supertrixfx.com/i.1f.delayed]
[supertrixfx.com/js/bootstrap.min.js]
[supertrixfx.com/js/jquery-2.2.4.min.js]
[supertrixfx.com/js/select2.min.js]
[supertrixfx.com/js/jquery.magnific-popup.min.js]
[supertrixfx.com/js/custom.js]
[supertrixfx.com/index.html]
[supertrixfx.com/js/styleswitcher.js]
[supertrixfx.com/fonts/fontawesome-webfont3e6e3e6e3e6e.eot]
[supertrixfx.com/fonts/fontawesome-webfontd41dd41dd41d.eot]
[supertrixfx.com/fonts/fontawesome-webfont3e6e3e6e3e6e.html]
[supertrixfx.com/fonts/fontawesome-webfont3e6e3e6e3e6e.woff]
[supertrixfx.com/css/font-awesome.min.css]
[supertrixfx.com/fonts/fontawesome-webfont3e6e3e6e3e6e.ttf]
[supertrixfx.com/fonts/glyphicons-halflings-regular.html]
[supertrixfx.com/fonts/glyphicons-halflings-regular.eot-.html]
[supertrixfx.com/fonts/fontawesome-webfont3e6e3e6e3e6e.svg]
[supertrixfx.com/fonts/glyphicons-halflings-regular.woff2.html]
[supertrixfx.com/fonts/glyphicons-halflings-regular-2.html]
[supertrixfx.com/fonts/glyphicons-halflings-regular-3.html]
[supertrixfx.com/fonts/glyphicons-halflings-regular.svg.html]
[supertrixfx.com/css/bootstrap.min.css]
[supertrixfx.com/css/magnific-popup.css]
[supertrixfx.com/css/select2.min.css]
[supertrixfx.com/images/bg.png]
[supertrixfx.com/images/slider/bg1.jpg]
[supertrixfx.com/images/slider/bg2.jpg]
[supertrixfx.com/images/backgrounds/bg-banner.jpg]
[supertrixfx.com/images/backgrounds/bg-video.jpg]
[supertrixfx.com/images/backgrounds/bg-calculator.jpg]
[supertrixfx.com/images/backgrounds/bg-quote.jpg]
[supertrixfx.com/images/backgrounds/call-to-action-bg.jpg]
[supertrixfx.com/images/backgrounds/bg-user.jpg]
[supertrixfx.com/images/backgrounds/bg-user-2.jpg]
[supertrixfx.com/images/backgrounds/bg-user-3.jpg]
[supertrixfx.com/images/backgrounds/404.jpg]
[supertrixfx.com/images/backgrounds/503.jpg]
[supertrixfx.com/images/backgrounds/coming-soon.jpg]
[supertrixfx.com/css/style.css]
[supertrixfx.com/css/skins/orange.css]
[supertrixfx.com/css/skins/green.css]
[supertrixfx.com/css/skins/blue.css]
[supertrixfx.com/css/styleswitcher.css]
[supertrixfx.com/index.40.delayed]
[supertrixfx.com/js/modernizr.js]
[supertrixfx.com/user/images/favicon.png]
[supertrixfx.com/user/css/app.css]
[cdnjs.cloudflare.com/ajax/libs/animate.css/4.1.1/animate.min.css]
[supertrixfx.com/user/js/app.js]
[cdnjs.cloudflare.com/ajax/libs/limonte-sweetalert2/11.1.9/sweetalert2.min.css]
[cdnjs.cloudflare.com/ajax/libs/limonte-sweetalert2/11.1.9/sweetalert2.all.min.js]
[supertrixfx.com/user/images/illustrations/dashboard-check.svg]
[supertrixfx.com/user/login.html]
[supertrixfx.com/user/images/illustrations/dashboard-check-dark.svg]
[supertrixfx.com/user/images/illustrations/dashboard-meet.svg]
[supertrixfx.com/user/images/app-logo.svg]
[supertrixfx.com/user/signup.html]
[supertrixfx.com/index-2.html]
[supertrixfx.com/user/images/illustrations/dashboard-meet-dark.svg]
[supertrixfx.com/i.html]
[supertrixfx.com/js/jquery-2.2.4.min.js]
[supertrixfx.com/Popover requires tooltip.4c.delayed]
[supertrixfx.com/js/bootstrap.min.js]
[supertrixfx.com/js/select2.min.js]
[supertrixfx.com/js/jquery.magnific-popup.min.js]
[supertrixfx.com/widgets.bitcoin.com/widget.js]
[supertrixfx.com/js/custom.js]
[supertrixfx.com/images/styleswitcher/logos/logo-dark.html]
[supertrixfx.com/images/styleswitcher/about-us-green.html]
[supertrixfx.com/images/styleswitcher/logos/logo-white.html]
[supertrixfx.com/images/icons/orange/cost-efficiency.png]
[supertrixfx.com/images/icons/orange/high-liquidity.png]
[supertrixfx.com/images/styleswitcher/logos/green-dark.html]
[supertrixfx.com/images/styleswitcher/logos/green-white.html]
[supertrixfx.com/images/icons/green/download-bitcoin.html]
[supertrixfx.com/images/icons/green/add-bitcoins.html]
[supertrixfx.com/images/icons/green/buy-sell-bitcoins.html]
[supertrixfx.com/images/icons/green/strong-security.html]
[supertrixfx.com/images/icons/green/world-coverage.html]
[supertrixfx.com/images/icons/green/payment-options.html]
[supertrixfx.com/images/icons/green/mobile-app.html]
[supertrixfx.com/images/icons/green/cost-efficiency.html]
[supertrixfx.com/images/icons/green/high-liquidity.html]
[supertrixfx.com/images/styleswitcher/logos/blue-dark.html]
[supertrixfx.com/images/styleswitcher/about-us-blue.html]
[supertrixfx.com/images/styleswitcher/logos/blue-white.html]
[supertrixfx.com/images/icons/blue/download-bitcoin.html]
[supertrixfx.com/images/icons/blue/add-bitcoins.html]
[supertrixfx.com/images/icons/blue/buy-sell-bitcoins.html]
[supertrixfx.com/images/icons/blue/strong-security.html]
[supertrixfx.com/images/icons/blue/world-coverage.html]
[supertrixfx.com/images/icons/blue/payment-options.html]
[supertrixfx.com/images/icons/blue/mobile-app.html]
[supertrixfx.com/images/icons/blue/cost-efficiency.html]
[supertrixfx.com/images/icons/blue/high-liquidity.html]
[supertrixfx.com/images/logo-dark.png]
[supertrixfx.com/images/logo-white.html]
[supertrixfx.com/assets/images/logo_dark.html]
[supertrixfx.com/js/styleswitcher.js]
[supertrixfx.com/fonts/fontawesome-webfont3e6e3e6e3e6e.html]
[supertrixfx.com/fonts/fontawesome-webfont3e6e3e6e3e6e.svg]
[supertrixfx.com/fonts/glyphicons-halflings-regular.html]
[supertrixfx.com/fonts/glyphicons-halflings-regular.eot-.html]
[supertrixfx.com/fonts/glyphicons-halflings-regular.woff2.html]
[supertrixfx.com/fonts/glyphicons-halflings-regular-2.html]
[supertrixfx.com/fonts/glyphicons-halflings-regular-3.html]
[supertrixfx.com/fonts/glyphicons-halflings-regular.svg.html]
[supertrixfx.com/index-3.html]
[supertrixfx.com/user/fonts/fontawesome/fa-brands-400.woff2]
[supertrixfx.com/user/fonts/fontawesome/fa-regular-400.woff2]
[supertrixfx.com/user/fonts/fontawesome/fa-brands-400.ttf]
[supertrixfx.com/user/fonts/fontawesome/fa-regular-400.ttf]
[supertrixfx.com/user/fonts/fontawesome/fa-solid-900.woff2]
[supertrixfx.com/user/fonts/fontawesome/fa-solid-900.ttf]
[supertrixfx.com/user/fonts/fontawesome/fa-v4compatibility.woff2]
[supertrixfx.com/user/css/app.css]
[supertrixfx.com/user/fonts/fontawesome/fa-v4compatibility.ttf]
[supertrixfx.com/user/js/app.js]
[cdnjs.cloudflare.com/ajax/libs/animate.css/4.1.1/animate.min.css]
[cdnjs.cloudflare.com/ajax/libs/limonte-sweetalert2/11.1.9/sweetalert2.min.css]
[supertrixfx.com/user/images/illustrations/dashboard-check.svg]
[supertrixfx.com/user/images/illustrations/dashboard-check-dark.svg]
[supertrixfx.com/user/images/illustrations/dashboard-meet.svg]
[supertrixfx.com/user/images/illustrations/dashboard-meet-dark.svg]
[supertrixfx.com/user/images/app-logo.svg]
[supertrixfx.com/Popover requires tooltip.html]
[supertrixfx.com/widgets.bitcoin.com/widget.html]
[supertrixfx.com/htdocs_error/style.css]
[maxcdn.bootstrapcdn.com/bootstrap/3.3.7/css/bootstrap.min.css]
[www.google-analytics.com/analytics.js]
[supertrixfx.com/htdocs_error/something-lost.png]
[supertrixfx.com/images/styleswitcher/logos/logo-dark.html]
[supertrixfx.com/images/styleswitcher/about-us-green.html]
[supertrixfx.com/images/styleswitcher/logos/logo-white.html]
[supertrixfx.com/images/styleswitcher/logos/green-dark.html]
[supertrixfx.com/images/styleswitcher/logos/green-white.html]
[supertrixfx.com/images/icons/green/download-bitcoin.html]
[supertrixfx.com/images/icons/green/add-bitcoins.html]
[supertrixfx.com/images/icons/green/buy-sell-bitcoins.html]
[supertrixfx.com/images/icons/green/strong-security.html]
[supertrixfx.com/images/icons/green/world-coverage.html]
[supertrixfx.com/images/icons/green/payment-options.html]
[supertrixfx.com/images/icons/green/mobile-app.html]
[supertrixfx.com/images/icons/green/cost-efficiency.html]
[supertrixfx.com/images/icons/green/high-liquidity.html]
[supertrixfx.com/images/styleswitcher/logos/blue-dark.html]
[supertrixfx.com/images/styleswitcher/about-us-blue.html]
[supertrixfx.com/images/styleswitcher/logos/blue-white.html]
[supertrixfx.com/images/icons/blue/download-bitcoin.html]
[supertrixfx.com/images/icons/blue/add-bitcoins.html]
[supertrixfx.com/images/icons/blue/buy-sell-bitcoins.html]
[supertrixfx.com/images/icons/blue/strong-security.html]
[supertrixfx.com/images/icons/blue/world-coverage.html]
[supertrixfx.com/images/icons/blue/payment-options.html]
[supertrixfx.com/images/icons/blue/mobile-app.html]
[supertrixfx.com/images/icons/blue/cost-efficiency.html]
[supertrixfx.com/images/icons/blue/high-liquidity.html]
[supertrixfx.com/images/logo-white.html]
[supertrixfx.com/assets/images/logo_dark.html]
[supertrixfx.com/htdocs_error/style.css]
[maxcdn.bootstrapcdn.com/bootstrap/3.3.7/css/bootstrap.min.css]
